// Jest Snapshot v1, https://goo.gl/fbAQLP

exports[`CustomApp enableFPM valid app with minimum version 1`] = `
Object {
  "sap.app": Object {
    "id": "my.test.App",
  },
  "sap.ui5": Object {
    "dependencies": Object {
      "libs": Object {
        "sap.fe.templates": Object {},
      },
      "minUI5Version": "",
    },
    "routing": Object {
      "routes": Array [],
      "targets": Object {},
    },
  },
}
`;
