// Jest Snapshot v1, https://goo.gl/fbAQLP

exports[`MetadataService for XML import() 1`] = `
Array [
  Object {
    "element": Object {
      "fileUri": "someAbsoluteFileUri",
      "isAnnotatable": true,
      "isCollectionValued": false,
      "isComplexType": false,
      "isEntityType": true,
      "kind": "EntityType",
      "name": "com.sap.gateway.default.iwbep.tea_busi.v0001.Department",
      "path": "com.sap.gateway.default.iwbep.tea_busi.v0001.Department",
      "range": Object {
        "end": Object {
          "character": 5,
          "line": 5,
        },
        "start": Object {
          "character": 1,
          "line": 1,
        },
      },
      "subElementNames": Set {
        "Sector",
        "ID",
        "Name",
        "MemberCount",
        "ManagerID",
        "Categories",
      },
    },
    "fileUri": "testFileUri",
  },
  Object {
    "element": Object {
      "edmPrimitiveType": "Edm.String",
      "isAnnotatable": true,
      "isCollectionValued": false,
      "isComplexType": false,
      "isEntityType": false,
      "kind": "Property",
      "name": "Sector",
      "path": "com.sap.gateway.default.iwbep.tea_busi.v0001.Department/Sector",
      "range": undefined,
      "subElementNames": Set {},
    },
    "fileUri": "testFileUri",
  },
  Object {
    "element": Object {
      "edmPrimitiveType": "Edm.String",
      "isAnnotatable": true,
      "isCollectionValued": false,
      "isComplexType": false,
      "isEntityType": false,
      "kind": "Property",
      "name": "ID",
      "path": "com.sap.gateway.default.iwbep.tea_busi.v0001.Department/ID",
      "range": undefined,
      "subElementNames": Set {},
    },
    "fileUri": "testFileUri",
  },
  Object {
    "element": Object {
      "edmPrimitiveType": "Edm.String",
      "isAnnotatable": true,
      "isCollectionValued": false,
      "isComplexType": false,
      "isEntityType": false,
      "kind": "Property",
      "name": "Name",
      "path": "com.sap.gateway.default.iwbep.tea_busi.v0001.Department/Name",
      "range": undefined,
      "subElementNames": Set {},
    },
    "fileUri": "testFileUri",
  },
  Object {
    "element": Object {
      "edmPrimitiveType": "Edm.Int32",
      "isAnnotatable": true,
      "isCollectionValued": false,
      "isComplexType": false,
      "isEntityType": false,
      "kind": "Property",
      "name": "MemberCount",
      "path": "com.sap.gateway.default.iwbep.tea_busi.v0001.Department/MemberCount",
      "range": undefined,
      "subElementNames": Set {},
    },
    "fileUri": "testFileUri",
  },
  Object {
    "element": Object {
      "edmPrimitiveType": "Edm.String",
      "isAnnotatable": true,
      "isCollectionValued": false,
      "isComplexType": false,
      "isEntityType": false,
      "kind": "Property",
      "name": "ManagerID",
      "path": "com.sap.gateway.default.iwbep.tea_busi.v0001.Department/ManagerID",
      "range": undefined,
      "subElementNames": Set {},
    },
    "fileUri": "testFileUri",
  },
  Object {
    "element": Object {
      "edmPrimitiveType": "Edm.String",
      "isAnnotatable": true,
      "isCollectionValued": true,
      "isComplexType": false,
      "isEntityType": false,
      "kind": "Property",
      "name": "Categories",
      "path": "com.sap.gateway.default.iwbep.tea_busi.v0001.Department/Categories",
      "range": undefined,
      "subElementNames": Set {},
    },
    "fileUri": "testFileUri",
  },
  Object {
    "element": Object {
      "fileUri": "someAbsoluteFileUri",
      "isAnnotatable": true,
      "isCollectionValued": false,
      "isComplexType": false,
      "isEntityType": false,
      "kind": "Function",
      "name": "com.sap.gateway.default.iwbep.tea_busi.v0001.GetDepartment(Edm.String)",
      "path": "com.sap.gateway.default.iwbep.tea_busi.v0001.GetDepartment(Edm.String)",
      "range": Object {
        "end": Object {
          "character": 1,
          "line": 8,
        },
        "start": Object {
          "character": 1,
          "line": 6,
        },
      },
      "subElementNames": Set {
        "DepartmentName",
      },
    },
    "fileUri": "testFileUri",
  },
  Object {
    "element": Object {
      "edmPrimitiveType": "Edm.String",
      "isAnnotatable": true,
      "isCollectionValued": false,
      "isComplexType": false,
      "isEntityType": false,
      "kind": "Parameter",
      "name": "DepartmentName",
      "path": "com.sap.gateway.default.iwbep.tea_busi.v0001.GetDepartment(Edm.String)/DepartmentName",
      "range": undefined,
      "subElementNames": Set {},
    },
    "fileUri": "testFileUri",
  },
  Object {
    "element": Object {
      "fileUri": "someAbsoluteFileUri",
      "isAnnotatable": true,
      "isCollectionValued": false,
      "isComplexType": false,
      "isEntityType": false,
      "kind": "Function",
      "name": "com.sap.gateway.default.iwbep.tea_busi.v0001.GetDepartment(Edm.Int16)",
      "path": "com.sap.gateway.default.iwbep.tea_busi.v0001.GetDepartment(Edm.Int16)",
      "range": Object {
        "end": Object {
          "character": 1,
          "line": 11,
        },
        "start": Object {
          "character": 1,
          "line": 9,
        },
      },
      "subElementNames": Set {
        "DepartmentID",
      },
    },
    "fileUri": "testFileUri",
  },
  Object {
    "element": Object {
      "edmPrimitiveType": "Edm.Int16",
      "isAnnotatable": true,
      "isCollectionValued": false,
      "isComplexType": false,
      "isEntityType": false,
      "kind": "Parameter",
      "name": "DepartmentID",
      "path": "com.sap.gateway.default.iwbep.tea_busi.v0001.GetDepartment(Edm.Int16)/DepartmentID",
      "range": undefined,
      "subElementNames": Set {},
    },
    "fileUri": "testFileUri",
  },
]
`;
